// Jest Snapshot v1, https://goo.gl/fbAQLP

exports[`AddRestaurantPage route renders the AddRestaurantPage form 1`] = `
<section
  className="RFormContent"
>
  <h2
    className="formTitle"
  >
    Add a Restaurant
  </h2>
  <RestaurantForm />
</section>
`;
