// Jest Snapshot v1, https://goo.gl/fbAQLP

exports[`AddHoursPage route renders the AddHoursPage form 1`] = `
<section
  className="HFormContent"
>
  <h2
    className="formTitle"
  >
    Add Restaurant Hours
  </h2>
  <HoursForm
    nextLocation="/restaurants/add"
  />
</section>
`;
