// Jest Snapshot v1, https://goo.gl/fbAQLP

exports[`NavBar component renders the NavBar form 1`] = `
<nav
  className="navBar"
  role="navigation"
>
  <button
    className="backButton"
    onClick={[Function]}
  >
    <img
      alt="Go back"
      className="backArrow"
      src="/images/backarrow.png"
    />
    Back
  </button>
  <div
    className="loggedOut"
  >
    <NavLink
      className="loginLink"
      to="/login"
    >
      Log in
    </NavLink>
  </div>
</nav>
`;
